Microchip MPLAB XC8 Compiler V1.42 ()

Linker command line:

-W-3 --edf=/opt/microchip/xc8/v1.42/dat/en_msgs.txt -cs \
  -h+dist/NewConfiguration/production/pic18_c_template_3.X.production.sym \
  --cmf=dist/NewConfiguration/production/pic18_c_template_3.X.production.cmf \
  -z -Q18F2431 -o/tmp/xcXai6VTj \
  -Mdist/NewConfiguration/production/pic18_c_template_3.X.production.map \
  -E1 -ver=XC8 -ASTACK=0DBh-02ffh -pstack=STACK -ACODE=00h-03FFFh \
  -ACONST=00h-03FFFh -ASMALLCONST=0300h-03FFhx61 -AMEDIUMCONST=0300h-03FFFh \
  -ACOMRAM=01h-05Fh -AABS1=00h-02FFh -ABIGRAM=01h-02FFh \
  -ARAM=060h-0FFh,0100h-01FFhx2 -ABANK0=060h-0FFh -ABANK1=0100h-01FFh \
  -ABANK2=0200h-02FFh -ASFR=0F60h-0FFFh \
  -preset_vec=00h,intcode,intcodelo,powerup,init -pramtop=0300h \
  -psmallconst=SMALLCONST -pmediumconst=MEDIUMCONST -pconst=CONST \
  -AFARRAM=00h-00h -ACONFIG=0300000h-030000Dh -pconfig=CONFIG \
  -AIDLOC=0200000h-0200007h -pidloc=IDLOC -AEEDATA=0F00000h-0F000FFh \
  -peeprom_data=EEDATA \
  -prdata=COMRAM,nvrram=COMRAM,nvbit=COMRAM,rbss=COMRAM,rbit=COMRAM \
  -pfarbss=FARRAM,fardata=FARRAM,nvFARRAM=FARRAM \
  -pintsave_regs=BIGRAM,bigbss=BIGRAM,bigdata=BIGRAM -pbss=RAM \
  -pidata=CODE,irdata=CODE,ibigdata=CODE,ifardata=CODE -prparam=COMRAM \
  /tmp/xcXSsNVMO.obj \
  dist/NewConfiguration/production/pic18_c_template_3.X.production.obj 

Object code version is 3.11

Machine type is 18F2431

Call graph: (short form)




                Name                               Link     Load   Length Selector   Space Scale
/tmp/xcXSsNVMO.obj
                init                                  0        0        4        0       0
                idloc                            200000   200000        8   200000       0
                config                           300000   300000        E   300000       0
dist/NewConfiguration/production/pic18_c_template_3.X.production.obj
                mediumconst                        3114     3114      EEC     188A       0
                text36                             1DA8     1DA8        2      ED4       0
                text35                             1F40     1F40       2C      FA0       0
                text34                             1DB2     1DB2        C      ED9       0
                text33                             1ECC     1ECC       26      F66       0
                text32                             1FCA     1FCA       3C      FE5       0
                text31                             20C6     20C6       52     1063       0
                text30                             2084     2084       42     1042       0
                text29                             1DBE     1DBE        C      EDF       0
                text28                             26EE     26EE      1A2     1377       0
                text27                             1F98     1F98       32      FCC       0
                text26                             2352     2352       82     11A9       0
                text25                             2044     2044       40     1022       0
                text24                             2006     2006       3E     1003       0
                text23                             227C     227C       64     113E       0
                text22                             1DCA     1DCA        E      EE5       0
                text21                             1F6C     1F6C       2C      FB6       0
                text20                             1F18     1F18       28      F8C       0
                text19                             1DF4     1DF4       10      EFA       0
                text18                             1E2E     1E2E       1C      F17       0
                text17                             2118     2118       54     108C       0
                text16                             25DC     25DC      112     12EE       0
                text15                             21C2     21C2       58     10E1       0
                text14                             2890     2890      398     1448       0
                text13                             1EA8     1EA8       24      F54       0
                text12                             216C     216C       56     10B6       0
                text11                             2458     2458       C2     122C       0
                text10                             1E4A     1E4A       1E      F25       0
                text9                              1DD8     1DD8        E      EEC       0
                text8                              1E04     1E04       12      F02       0
                text7                              23D4     23D4       84     11EA       0
                text6                              2C28     2C28      4EC     1614       0
                text5                              1E68     1E68       1E      F34       0
                text4                              22E0     22E0       72     1170       0
                text3                              1E86     1E86       22      F43       0
                text2                              1DE6     1DE6        E      EF3       0
                text1                              1EF2     1EF2       26      F79       0
                text0                              251A     251A       C2     128D       0
                cstackCOMRAM                          1        1       3A        1       1
                dataBANK0                            C3       C3       18       60       1
                bssBANK0                             60       60       63       60       1
                dataCOMRAM                           52       52        7        1       1
                bssCOMRAM                            3B       3B       17        1       1
                cinit                              221A     221A       62     110D       0
                idataBANK0                         1E16     1E16       18     1E16       0
                idataCOMRAM                        1DAB     1DAB        7     1DAB       0

TOTAL           Name                               Link     Load   Length     Space
        CLASS   STACK          

        CLASS   CODE           
                init                                  0        0        4         0
                text36                             1DA8     1DA8        2         0
                text35                             1F40     1F40       2C         0
                text34                             1DB2     1DB2        C         0
                text33                             1ECC     1ECC       26         0
                text32                             1FCA     1FCA       3C         0
                text31                             20C6     20C6       52         0
                text30                             2084     2084       42         0
                text29                             1DBE     1DBE        C         0
                text28                             26EE     26EE      1A2         0
                text27                             1F98     1F98       32         0
                text26                             2352     2352       82         0
                text25                             2044     2044       40         0
                text24                             2006     2006       3E         0
                text23                             227C     227C       64         0
                text22                             1DCA     1DCA        E         0
                text21                             1F6C     1F6C       2C         0
                text20                             1F18     1F18       28         0
                text19                             1DF4     1DF4       10         0
                text18                             1E2E     1E2E       1C         0
                text17                             2118     2118       54         0
                text16                             25DC     25DC      112         0
                text15                             21C2     21C2       58         0
                text14                             2890     2890      398         0
                text13                             1EA8     1EA8       24         0
                text12                             216C     216C       56         0
                text11                             2458     2458       C2         0
                text10                             1E4A     1E4A       1E         0
                text9                              1DD8     1DD8        E         0
                text8                              1E04     1E04       12         0
                text7                              23D4     23D4       84         0
                text6                              2C28     2C28      4EC         0
                text5                              1E68     1E68       1E         0
                text4                              22E0     22E0       72         0
                text3                              1E86     1E86       22         0
                text2                              1DE6     1DE6        E         0
                text1                              1EF2     1EF2       26         0
                text0                              251A     251A       C2         0
                cinit                              221A     221A       62         0
                idataBANK0                         1E16     1E16       18         0
                idataCOMRAM                        1DAB     1DAB        7         0

        CLASS   CONST          

        CLASS   SMALLCONST     

        CLASS   MEDIUMCONST    
                mediumconst                        3114     3114      EEC         0

        CLASS   COMRAM         
                cstackCOMRAM                          1        1       3A         1
                dataCOMRAM                           52       52        7         1
                bssCOMRAM                            3B       3B       17         1

        CLASS   ABS1           

        CLASS   BIGRAM         

        CLASS   RAM            

        CLASS   BANK0          
                dataBANK0                            C3       C3       18         1
                bssBANK0                             60       60       63         1

        CLASS   BANK1          

        CLASS   BANK2          

        CLASS   SFR            

        CLASS   FARRAM         

        CLASS   CONFIG         
                config                           300000   300000        E         0

        CLASS   IDLOC          
                idloc                            200000   200000        8         0

        CLASS   EEDATA         



SEGMENTS        Name                           Load    Length   Top    Selector   Space  Class

                reset_vec                      000000  000004  000004         0       0  CODE    
                cstackCOMRAM                   000001  000058  000059         1       1  COMRAM  
                bssBANK0                       000060  00007B  0000DB        60       1  BANK0   
                text36                         001DA8  000002  001DAA       ED4       0  CODE    
                idataCOMRAM                    001DAB  000007  001DB2      1DAB       0  CODE    
                text34                         001DB2  00000C  001DBE       ED9       0  CODE    
                text29                         001DBE  00000C  001DCA       EDF       0  CODE    
                text22                         001DCA  00000E  001DD8       EE5       0  CODE    
                text9                          001DD8  00000E  001DE6       EEC       0  CODE    
                text2                          001DE6  00000E  001DF4       EF3       0  CODE    
                text19                         001DF4  000010  001E04       EFA       0  CODE    
                text8                          001E04  000012  001E16       F02       0  CODE    
                idataBANK0                     001E16  000018  001E2E      1E16       0  CODE    
                text18                         001E2E  00001C  001E4A       F17       0  CODE    
                text10                         001E4A  00001E  001E68       F25       0  CODE    
                text5                          001E68  00001E  001E86       F34       0  CODE    
                text3                          001E86  000022  001EA8       F43       0  CODE    
                text13                         001EA8  000024  001ECC       F54       0  CODE    
                text33                         001ECC  000026  001EF2       F66       0  CODE    
                text1                          001EF2  000026  001F18       F79       0  CODE    
                text20                         001F18  000028  001F40       F8C       0  CODE    
                text35                         001F40  00002C  001F6C       FA0       0  CODE    
                text21                         001F6C  00002C  001F98       FB6       0  CODE    
                text27                         001F98  000032  001FCA       FCC       0  CODE    
                text32                         001FCA  00003C  002006       FE5       0  CODE    
                text24                         002006  00003E  002044      1003       0  CODE    
                text25                         002044  000040  002084      1022       0  CODE    
                text30                         002084  000042  0020C6      1042       0  CODE    
                text31                         0020C6  000052  002118      1063       0  CODE    
                text17                         002118  000054  00216C      108C       0  CODE    
                text12                         00216C  000056  0021C2      10B6       0  CODE    
                text15                         0021C2  000058  00221A      10E1       0  CODE    
                cinit                          00221A  000062  00227C      110D       0  CODE    
                text23                         00227C  000064  0022E0      113E       0  CODE    
                text4                          0022E0  000072  002352      1170       0  CODE    
                text26                         002352  000082  0023D4      11A9       0  CODE    
                text7                          0023D4  000084  002458      11EA       0  CODE    
                text11                         002458  0000C2  00251A      122C       0  CODE    
                text0                          00251A  0000C2  0025DC      128D       0  CODE    
                text16                         0025DC  000112  0026EE      12EE       0  CODE    
                text28                         0026EE  0001A2  002890      1377       0  CODE    
                text14                         002890  000398  002C28      1448       0  CODE    
                text6                          002C28  0004EC  003114      1614       0  CODE    
                mediumconst                    003114  000EEC  004000      188A       0  MEDIUMCO
                idloc                          200000  000008  200008    200000       0  IDLOC   
                config                         300000  00000E  30000E    300000       0  CONFIG  


UNUSED ADDRESS RANGES

        Name                Unused          Largest block    Delta
        BANK0            0000DB-0000FF               25
        BANK1            000100-0001FF              100
        BANK2            000200-0002FF              100
        BIGRAM           000059-00005F                7
                         0000DB-0002FF              225
        CODE             000004-001DA7             1DA4
                         001DAA-001DAA                1
        COMRAM           000059-00005F                7
        CONST            000004-001DA7             1DA4
                         001DAA-001DAA                1
        EEDATA           F00000-F000FF              100
        MEDIUMCONST      000300-001DA7             1AA8
                         001DAA-001DAA                1
        RAM              0000DB-0002FF              100
        SFR              000F60-000FFF               A0
        SMALLCONST       000300-001DA7              100
                         001DAA-001DAA                1
        STACK            0000DB-0002FF              225

                                  Symbol Table

?___lmul                      cstackCOMRAM 000001
?___lwdiv                     cstackCOMRAM 000001
?___lwmod                     cstackCOMRAM 000008
?_parseStringToInt            cstackCOMRAM 00000D
?_printf                      cstackCOMRAM 00000D
_BAUDCONbits                  (abs)        000FAA
_ConfigureOscillator          text36       001DA8
_InitApp                      text35       001F40
_LATAbits                     (abs)        000F89
_LATBbits                     (abs)        000F8A
_OSCCONbits                   (abs)        000FD3
_PIR1bits                     (abs)        000F9E
_RCREG                        (abs)        000FAE
_RCSTAbits                    (abs)        000FAB
_SPBRG                        (abs)        000FAF
_SPBRGH                       (abs)        000FB0
_TRISAbits                    (abs)        000F92
_TRISBbits                    (abs)        000F93
_TRISCbits                    (abs)        000F94
_TXREG                        (abs)        000FAD
_TXSTAbits                    (abs)        000FAC
_VERSION                      dataBANK0    0000C3
__CFG_BOREN$OFF               (abs)        000000
__CFG_CP0$OFF                 (abs)        000000
__CFG_CP1$OFF                 (abs)        000000
__CFG_CP2$OFF                 (abs)        000000
__CFG_CP3$OFF                 (abs)        000000
__CFG_CPB$OFF                 (abs)        000000
__CFG_CPD$OFF                 (abs)        000000
__CFG_EBTR0$OFF               (abs)        000000
__CFG_EBTR1$OFF               (abs)        000000
__CFG_EBTR2$OFF               (abs)        000000
__CFG_EBTR3$OFF               (abs)        000000
__CFG_EBTRB$OFF               (abs)        000000
__CFG_FCMEN$OFF               (abs)        000000
__CFG_HPOL$HIGH               (abs)        000000
__CFG_IESO$ON                 (abs)        000000
__CFG_LPOL$HIGH               (abs)        000000
__CFG_LVP$ON                  (abs)        000000
__CFG_MCLRE$ON                (abs)        000000
__CFG_OSC$IRC                 (abs)        000000
__CFG_PWMPIN$OFF              (abs)        000000
__CFG_PWRTEN$OFF              (abs)        000000
__CFG_STVREN$ON               (abs)        000000
__CFG_T1OSCMX$OFF             (abs)        000000
__CFG_WDPS$32768              (abs)        000000
__CFG_WDTEN$OFF               (abs)        000000
__CFG_WINEN$OFF               (abs)        000000
__CFG_WRT0$OFF                (abs)        000000
__CFG_WRT1$OFF                (abs)        000000
__CFG_WRT2$OFF                (abs)        000000
__CFG_WRT3$OFF                (abs)        000000
__CFG_WRTB$OFF                (abs)        000000
__CFG_WRTC$OFF                (abs)        000000
__CFG_WRTD$OFF                (abs)        000000
__HRAM                        (abs)        000000
__Habs1                       abs1         000000
__Hbank0                      bank0        000000
__Hbank1                      bank1        000000
__Hbank2                      bank2        000000
__Hbigbss                     bigbss       000000
__Hbigdata                    bigdata      000000
__Hbigram                     bigram       000000
__Hbss                        bss          000000
__HbssBANK0                   bssBANK0     000000
__HbssCOMRAM                  bssCOMRAM    000000
__Hcinit                      cinit        000000
__Hclrtext                    clrtext      000000
__Hcomram                     comram       000000
__Hconfig                     config       30000E
__Hconst                      const        000000
__HcstackCOMRAM               cstackCOMRAM 000000
__Hdata                       data         000000
__HdataBANK0                  dataBANK0    000000
__HdataCOMRAM                 dataCOMRAM   000000
__Heeprom_data                eeprom_data  000000
__Hfarbss                     farbss       000000
__Hfardata                    fardata      000000
__Hibigdata                   ibigdata     000000
__Hidata                      idata        000000
__HidataBANK0                 idataBANK0   000000
__HidataCOMRAM                idataCOMRAM  000000
__Hidloc                      idloc        200008
__Hifardata                   ifardata     000000
__Hinit                       init         000004
__Hintcode                    intcode      000000
__Hintcode_body               intcode_body 000000
__Hintcodelo                  intcodelo    000000
__Hintentry                   intentry     000000
__Hintret                     intret       000000
__Hintsave_regs               intsave_regs 000000
__Hirdata                     irdata       000000
__Hmediumconst                mediumconst  004000
__HnvFARRAM                   nvFARRAM     000000
__Hnvbit                      nvbit        000000
__Hnvrram                     nvrram       000000
__Hparam                      rparam       000000
__Hpowerup                    powerup      000000
__Hram                        ram          000000
__Hramtop                     ramtop       000300
__Hrbit                       rbit         000000
__Hrbss                       rbss         000000
__Hrdata                      rdata        000000
__Hreset_vec                  reset_vec    000000
__Hrparam                     rparam       000000
__Hsfr                        sfr          000000
__Hsmallconst                 smallconst   000000
__Hspace_0                    (abs)        30000E
__Hspace_1                    (abs)        0000DB
__Hspace_2                    (abs)        000000
__Hstack                      stack        000000
__Hstruct                     struct       000000
__Htemp                       temp         000000
__Htext                       text         000000
__Htext0                      text0        000000
__Htext1                      text1        000000
__Htext10                     text10       000000
__Htext11                     text11       000000
__Htext12                     text12       000000
__Htext13                     text13       000000
__Htext14                     text14       000000
__Htext15                     text15       000000
__Htext16                     text16       000000
__Htext17                     text17       000000
__Htext18                     text18       000000
__Htext19                     text19       000000
__Htext2                      text2        000000
__Htext20                     text20       000000
__Htext21                     text21       000000
__Htext22                     text22       000000
__Htext23                     text23       000000
__Htext24                     text24       000000
__Htext25                     text25       000000
__Htext26                     text26       000000
__Htext27                     text27       000000
__Htext28                     text28       000000
__Htext29                     text29       000000
__Htext3                      text3        000000
__Htext30                     text30       000000
__Htext31                     text31       000000
__Htext32                     text32       000000
__Htext33                     text33       000000
__Htext34                     text34       000000
__Htext35                     text35       000000
__Htext36                     text36       000000
__Htext4                      text4        000000
__Htext5                      text5        000000
__Htext6                      text6        000000
__Htext7                      text7        000000
__Htext8                      text8        000000
__Htext9                      text9        000000
__LRAM                        (abs)        000001
__Labs1                       abs1         000000
__Lbank0                      bank0        000000
__Lbank1                      bank1        000000
__Lbank2                      bank2        000000
__Lbigbss                     bigbss       000000
__Lbigdata                    bigdata      000000
__Lbigram                     bigram       000000
__Lbss                        bss          000000
__LbssBANK0                   bssBANK0     000000
__LbssCOMRAM                  bssCOMRAM    000000
__Lcinit                      cinit        000000
__Lclrtext                    clrtext      000000
__Lcomram                     comram       000000
__Lconfig                     config       300000
__Lconst                      const        000000
__LcstackCOMRAM               cstackCOMRAM 000000
__Ldata                       data         000000
__LdataBANK0                  dataBANK0    000000
__LdataCOMRAM                 dataCOMRAM   000000
__Leeprom_data                eeprom_data  000000
__Lfarbss                     farbss       000000
__Lfardata                    fardata      000000
__Libigdata                   ibigdata     000000
__Lidata                      idata        000000
__LidataBANK0                 idataBANK0   000000
__LidataCOMRAM                idataCOMRAM  000000
__Lidloc                      idloc        200000
__Lifardata                   ifardata     000000
__Linit                       init         000000
__Lintcode                    intcode      000000
__Lintcode_body               intcode_body 000000
__Lintcodelo                  intcodelo    000000
__Lintentry                   intentry     000000
__Lintret                     intret       000000
__Lintsave_regs               intsave_regs 000000
__Lirdata                     irdata       000000
__Lmediumconst                mediumconst  003114
__LnvFARRAM                   nvFARRAM     000000
__Lnvbit                      nvbit        000000
__Lnvrram                     nvrram       000000
__Lparam                      rparam       000000
__Lpowerup                    powerup      000000
__Lram                        ram          000000
__Lramtop                     ramtop       000300
__Lrbit                       rbit         000000
__Lrbss                       rbss         000000
__Lrdata                      rdata        000000
__Lreset_vec                  reset_vec    000000
__Lrparam                     rparam       000000
__Lsfr                        sfr          000000
__Lsmallconst                 smallconst   000000
__Lspace_0                    (abs)        000000
__Lspace_1                    (abs)        000000
__Lspace_2                    (abs)        000000
__Lstack                      stack        000000
__Lstruct                     struct       000000
__Ltemp                       temp         000000
__Ltext                       text         000000
__Ltext0                      text0        000000
__Ltext1                      text1        000000
__Ltext10                     text10       000000
__Ltext11                     text11       000000
__Ltext12                     text12       000000
__Ltext13                     text13       000000
__Ltext14                     text14       000000
__Ltext15                     text15       000000
__Ltext16                     text16       000000
__Ltext17                     text17       000000
__Ltext18                     text18       000000
__Ltext19                     text19       000000
__Ltext2                      text2        000000
__Ltext20                     text20       000000
__Ltext21                     text21       000000
__Ltext22                     text22       000000
__Ltext23                     text23       000000
__Ltext24                     text24       000000
__Ltext25                     text25       000000
__Ltext26                     text26       000000
__Ltext27                     text27       000000
__Ltext28                     text28       000000
__Ltext29                     text29       000000
__Ltext3                      text3        000000
__Ltext30                     text30       000000
__Ltext31                     text31       000000
__Ltext32                     text32       000000
__Ltext33                     text33       000000
__Ltext34                     text34       000000
__Ltext35                     text35       000000
__Ltext36                     text36       000000
__Ltext4                      text4        000000
__Ltext5                      text5        000000
__Ltext6                      text6        000000
__Ltext7                      text7        000000
__Ltext8                      text8        000000
__Ltext9                      text9        000000
__S0                          (abs)        30000E
__S1                          (abs)        0000DB
__S2                          (abs)        000000
___inthi_sp                   stack        000000
___intlo_sp                   stack        000000
___lmul                       text12       00216C
___lmul@multiplicand          cstackCOMRAM 000005
___lmul@multiplier            cstackCOMRAM 000001
___lmul@product               cstackCOMRAM 000009
___lwdiv                      text31       0020C6
___lwdiv@counter              cstackCOMRAM 000007
___lwdiv@dividend             cstackCOMRAM 000001
___lwdiv@divisor              cstackCOMRAM 000003
___lwdiv@quotient             cstackCOMRAM 000005
___lwmod                      text30       002084
___lwmod@counter              cstackCOMRAM 00000C
___lwmod@dividend             cstackCOMRAM 000008
___lwmod@divisor              cstackCOMRAM 00000A
___param_bank                 (abs)        000000
___rparam_used                (abs)        000001
___sp                         stack        000000
__accesstop                   (abs)        000060
__activetblptr                (abs)        000002
__end_of_ConfigureOscillator  text36       001DAA
__end_of_InitApp              text35       001F6C
__end_of___lmul               text12       0021C2
__end_of___lwdiv              text31       002118
__end_of___lwmod              text30       0020C6
__end_of__initialization      cinit        002272
__end_of_buildCommand         text33       001EF2
__end_of_clearUserCommand     text32       002006
__end_of_cli_clear            text25       002084
__end_of_cli_direction        text23       0022E0
__end_of_cli_goend            text22       001DD8
__end_of_cli_gohome           text20       001F40
__end_of_cli_halt             text17       00216C
__end_of_cli_help             text16       0026EE
__end_of_cli_helpCommand      text14       002C28
__end_of_cli_manual           text18       001E4A
__end_of_cli_move             text13       001ECC
__end_of_cli_movedir          text21       001F98
__end_of_cli_setdelay         text10       001E68
__end_of_cli_setend           text9        001DE6
__end_of_cli_sethome          text8        001E16
__end_of_cli_status           text7        002458
__end_of_ct_strncmp           text15       00221A
__end_of_doBackspace          text27       001FCA
__end_of_doBlinks             text26       0023D4
__end_of_doInput              text6        003114
__end_of_doMoves              text4        002352
__end_of_dpowers              mediumconst  00311F
__end_of_echo                 text34       001DBE
__end_of_error                text24       002044
__end_of_main                 text0        0025DC
__end_of_parseStringToInt     text11       00251A
__end_of_printPrompt          text2        001DF4
__end_of_printf               text28       002890
__end_of_putch                text29       001DCA
__end_of_shouldMove           text3        001EA8
__end_of_startmsg             text1        001F18
__end_of_variableDelay_mu     text5        001E86
__end_of_waitForKey           text19       001E04
__initialization              cinit        00221A
__mediumconst                 mediumconst  003114
__pbssBANK0                   bssBANK0     000060
__pbssCOMRAM                  bssCOMRAM    00003B
__pcinit                      cinit        00221A
__pcstackCOMRAM               cstackCOMRAM 000001
__pdataBANK0                  dataBANK0    0000C3
__pdataCOMRAM                 dataCOMRAM   000052
__pidataBANK0                 idataBANK0   001E16
__pidataCOMRAM                idataCOMRAM  001DAB
__pmediumconst                mediumconst  003114
__ptext0                      text0        00251A
__ptext1                      text1        001EF2
__ptext10                     text10       001E4A
__ptext11                     text11       002458
__ptext12                     text12       00216C
__ptext13                     text13       001EA8
__ptext14                     text14       002890
__ptext15                     text15       0021C2
__ptext16                     text16       0025DC
__ptext17                     text17       002118
__ptext18                     text18       001E2E
__ptext19                     text19       001DF4
__ptext2                      text2        001DE6
__ptext20                     text20       001F18
__ptext21                     text21       001F6C
__ptext22                     text22       001DCA
__ptext23                     text23       00227C
__ptext24                     text24       002006
__ptext25                     text25       002044
__ptext26                     text26       002352
__ptext27                     text27       001F98
__ptext28                     text28       0026EE
__ptext29                     text29       001DBE
__ptext3                      text3        001E86
__ptext30                     text30       002084
__ptext31                     text31       0020C6
__ptext32                     text32       001FCA
__ptext33                     text33       001ECC
__ptext34                     text34       001DB2
__ptext35                     text35       001F40
__ptext36                     text36       001DA8
__ptext4                      text4        0022E0
__ptext5                      text5        001E68
__ptext6                      text6        002C28
__ptext7                      text7        0023D4
__ptext8                      text8        001E04
__ptext9                      text9        001DD8
__ramtop                      ramtop       000300
__size_of_ConfigureOscillator (abs)        000000
__size_of_InitApp             (abs)        000000
__size_of___lmul              (abs)        000000
__size_of___lwdiv             (abs)        000000
__size_of___lwmod             (abs)        000000
__size_of_buildCommand        (abs)        000000
__size_of_clearUserCommand    (abs)        000000
__size_of_cli_clear           (abs)        000000
__size_of_cli_direction       (abs)        000000
__size_of_cli_goend           (abs)        000000
__size_of_cli_gohome          (abs)        000000
__size_of_cli_halt            (abs)        000000
__size_of_cli_help            (abs)        000000
__size_of_cli_helpCommand     (abs)        000000
__size_of_cli_manual          (abs)        000000
__size_of_cli_move            (abs)        000000
__size_of_cli_movedir         (abs)        000000
__size_of_cli_setdelay        (abs)        000000
__size_of_cli_setend          (abs)        000000
__size_of_cli_sethome         (abs)        000000
__size_of_cli_status          (abs)        000000
__size_of_ct_strncmp          (abs)        000000
__size_of_doBackspace         (abs)        000000
__size_of_doBlinks            (abs)        000000
__size_of_doInput             (abs)        000000
__size_of_doMoves             (abs)        000000
__size_of_echo                (abs)        000000
__size_of_error               (abs)        000000
__size_of_main                (abs)        000000
__size_of_parseStringToInt    (abs)        000000
__size_of_printPrompt         (abs)        000000
__size_of_printf              (abs)        000000
__size_of_putch               (abs)        000000
__size_of_shouldMove          (abs)        000000
__size_of_startmsg            (abs)        000000
__size_of_variableDelay_mu    (abs)        000000
__size_of_waitForKey          (abs)        000000
__smallconst                  smallconst   000000
_blinks_delay                 dataCOMRAM   000052
_blinks_every_x_cycles        dataCOMRAM   000054
_blinks_mode                  bssCOMRAM    00004B
_blinks_taken                 bssCOMRAM    00004D
_buildCommand                 text33       001ECC
_clearUserCommand             text32       001FCA
_cli_clear                    text25       002044
_cli_direction                text23       00227C
_cli_goend                    text22       001DCA
_cli_gohome                   text20       001F18
_cli_halt                     text17       002118
_cli_help                     text16       0025DC
_cli_helpCommand              text14       002890
_cli_manual                   text18       001E2E
_cli_move                     text13       001EA8
_cli_movedir                  text21       001F6C
_cli_setdelay                 text10       001E4A
_cli_setend                   text9        001DD8
_cli_sethome                  text8        001E04
_cli_status                   text7        0023D4
_ct_strncmp                   text15       0021C2
_doBackspace                  text27       001F98
_doBlinks                     text26       002352
_doInput                      text6        002C28
_doMoves                      text4        0022E0
_dpowers                      mediumconst  003115
_echo                         text34       001DB2
_error                        text24       002006
_main                         text0        00251A
_parseStringToInt             text11       002458
_printPrompt                  text2        001DE6
_printf                       text28       0026EE
_putch                        text29       001DBE
_shouldMove                   text3        001E86
_startmsg                     text1        001EF2
_step_delay                   dataCOMRAM   000056
_steps_from_end               bssCOMRAM    00003B
_steps_from_end_direction     dataCOMRAM   000058
_steps_from_home              bssCOMRAM    00003F
_steps_from_home_direction    bssCOMRAM    000051
_steps_taken                  bssCOMRAM    000043
_steps_to_take                bssCOMRAM    000047
_userCommand                  bssBANK0     000060
_userCommandPos               bssCOMRAM    00004F
_variableDelay_mu             text5        001E68
_waitForKey                   text19       001DF4
buildCommand@charIn           cstackCOMRAM 000002
clearUserCommand@count        cstackCOMRAM 000001
cli_clear@count               cstackCOMRAM 000021
cli_helpCommand@count         cstackCOMRAM 000037
cli_helpCommand@searchArray   cstackCOMRAM 000023
cli_move@steps                cstackCOMRAM 00001D
cli_movedir@direction         cstackCOMRAM 00001D
cli_movedir@steps             cstackCOMRAM 00001F
ct_strncmp@count              cstackCOMRAM 00000A
ct_strncmp@n                  cstackCOMRAM 000005
ct_strncmp@s1                 cstackCOMRAM 000001
ct_strncmp@s2                 cstackCOMRAM 000003
echo@echoChar                 cstackCOMRAM 000001
end_of_initialization         cinit        002272
error@errorCode               cstackCOMRAM 000021
intlevel0                     text         000000
intlevel1                     text         000000
intlevel2                     text         000000
intlevel3                     text         000000
main@holderChar               cstackCOMRAM 00003A
parseStringToInt@count        cstackCOMRAM 000015
parseStringToInt@returnInt    cstackCOMRAM 000017
parseStringToInt@startPoint   cstackCOMRAM 00000F
parseStringToInt@storeInt     cstackCOMRAM 00001B
parseStringToInt@toParse      cstackCOMRAM 00000D
printf@ap                     cstackCOMRAM 00001A
printf@c                      cstackCOMRAM 000020
printf@cp                     cstackCOMRAM 00001C
printf@f                      cstackCOMRAM 00000D
printf@flag                   cstackCOMRAM 000018
printf@prec                   cstackCOMRAM 000019
printf@val                    cstackCOMRAM 00001E
putch@data                    cstackCOMRAM 000001
stackhi                       (abs)        0002FF
stacklo                       (abs)        0000DB
start                         init         000000
start_initialization          cinit        00221A
variableDelay_mu@count        cstackCOMRAM 000003
variableDelay_mu@mu           cstackCOMRAM 000001
waitForKey@disposable         cstackCOMRAM 000001


FUNCTION INFORMATION:

 *************** function _main *****************
 Defined at:
		line 648 in file "main.c"
 Parameters:    Size  Location     Type
		None
 Auto vars:     Size  Location     Type
  holderChar      1   57[COMRAM] unsigned char 
 Return value:  Size  Location     Type
                  1    wreg      void 
 Registers used:
		wreg, fsr0l, fsr0h, fsr1l, fsr1h, fsr2l, fsr2h, status,2, status,0, tblptrl, tblptrh, tblptru, prodl, prodh, cstack
 Tracked objects:
		On entry : 
		On exit  : 
		Unchanged: 
 Data sizes:     COMRAM   BANK0   BANK1   BANK2
      Params:         0       0       0       0
      Locals:         1       0       0       0
      Temps:          1       0       0       0
      Totals:         2       0       0       0
Total ram usage:        2 bytes
 Hardware stack levels required when called:    5
 This function calls:
		_ConfigureOscillator
		_InitApp
		_buildCommand
		_clearUserCommand
		_cli_clear
		_doBackspace
		_doBlinks
		_doInput
		_doMoves
		_printPrompt
		_printf
		_shouldMove
		_startmsg
 This function is called by:
		Startup code after reset
 This function uses a non-reentrant model


 *************** function _startmsg *****************
 Defined at:
		line 270 in file "main.c"
 Parameters:    Size  Location     Type
		None
 Auto vars:     Size  Location     Type
		None
 Return value:  Size  Location     Type
                  1    wreg      void 
 Registers used:
		wreg, fsr0l, fsr0h, fsr2l, fsr2h, status,2, status,0, tblptrl, tblptrh, tblptru, prodl, prodh, cstack
 Tracked objects:
		On entry : 
		On exit  : 
		Unchanged: 
 Data sizes:     COMRAM   BANK0   BANK1   BANK2
      Params:         0       0       0       0
      Locals:         0       0       0       0
      Temps:          0       0       0       0
      Totals:         0       0       0       0
Total ram usage:        0 bytes
 Hardware stack levels used:    1
 Hardware stack levels required when called:    3
 This function calls:
		_printPrompt
		_printf
 This function is called by:
		_main
 This function uses a non-reentrant model


 *************** function _printPrompt *****************
 Defined at:
		line 266 in file "main.c"
 Parameters:    Size  Location     Type
		None
 Auto vars:     Size  Location     Type
		None
 Return value:  Size  Location     Type
                  1    wreg      void 
 Registers used:
		wreg, fsr0l, fsr0h, fsr2l, fsr2h, status,2, status,0, tblptrl, tblptrh, tblptru, prodl, prodh, cstack
 Tracked objects:
		On entry : 
		On exit  : 
		Unchanged: 
 Data sizes:     COMRAM   BANK0   BANK1   BANK2
      Params:         0       0       0       0
      Locals:         0       0       0       0
      Temps:          0       0       0       0
      Totals:         0       0       0       0
Total ram usage:        0 bytes
 Hardware stack levels used:    1
 Hardware stack levels required when called:    2
 This function calls:
		_printf
 This function is called by:
		_startmsg
		_main
 This function uses a non-reentrant model


 *************** function _shouldMove *****************
 Defined at:
		line 183 in file "main.c"
 Parameters:    Size  Location     Type
		None
 Auto vars:     Size  Location     Type
		None
 Return value:  Size  Location     Type
                  1    wreg      unsigned char 
 Registers used:
		wreg, status,2, status,0
 Tracked objects:
		On entry : 
		On exit  : 
		Unchanged: 
 Data sizes:     COMRAM   BANK0   BANK1   BANK2
      Params:         0       0       0       0
      Locals:         0       0       0       0
      Temps:          0       0       0       0
      Totals:         0       0       0       0
Total ram usage:        0 bytes
 Hardware stack levels used:    1
 This function calls:
		Nothing
 This function is called by:
		_main
 This function uses a non-reentrant model


 *************** function _doMoves *****************
 Defined at:
		line 165 in file "main.c"
 Parameters:    Size  Location     Type
		None
 Auto vars:     Size  Location     Type
		None
 Return value:  Size  Location     Type
                  1    wreg      void 
 Registers used:
		wreg, status,2, status,0, cstack
 Tracked objects:
		On entry : 
		On exit  : 
		Unchanged: 
 Data sizes:     COMRAM   BANK0   BANK1   BANK2
      Params:         0       0       0       0
      Locals:         0       0       0       0
      Temps:          1       0       0       0
      Totals:         1       0       0       0
Total ram usage:        1 bytes
 Hardware stack levels used:    1
 Hardware stack levels required when called:    1
 This function calls:
		_variableDelay_mu
 This function is called by:
		_main
 This function uses a non-reentrant model


 *************** function _variableDelay_mu *****************
 Defined at:
		line 138 in file "main.c"
 Parameters:    Size  Location     Type
  mu              2    0[COMRAM] unsigned int 
 Auto vars:     Size  Location     Type
  count           2    2[COMRAM] unsigned int 
 Return value:  Size  Location     Type
                  1    wreg      void 
 Registers used:
		wreg, status,2, status,0
 Tracked objects:
		On entry : 
		On exit  : 
		Unchanged: 
 Data sizes:     COMRAM   BANK0   BANK1   BANK2
      Params:         2       0       0       0
      Locals:         2       0       0       0
      Temps:          0       0       0       0
      Totals:         4       0       0       0
Total ram usage:        4 bytes
 Hardware stack levels used:    1
 This function calls:
		Nothing
 This function is called by:
		_doMoves
 This function uses a non-reentrant model


 *************** function _doInput *****************
 Defined at:
		line 498 in file "main.c"
 Parameters:    Size  Location     Type
		None
 Auto vars:     Size  Location     Type
		None
 Return value:  Size  Location     Type
                  1    wreg      void 
 Registers used:
		wreg, fsr0l, fsr0h, fsr1l, fsr1h, fsr2l, fsr2h, status,2, status,0, tblptrl, tblptrh, tblptru, prodl, prodh, cstack
 Tracked objects:
		On entry : 
		On exit  : 
		Unchanged: 
 Data sizes:     COMRAM   BANK0   BANK1   BANK2
      Params:         0       0       0       0
      Locals:         0       0       0       0
      Temps:          0       0       0       0
      Totals:         0       0       0       0
Total ram usage:        0 bytes
 Hardware stack levels used:    1
 Hardware stack levels required when called:    4
 This function calls:
		_cli_clear
		_cli_direction
		_cli_goend
		_cli_gohome
		_cli_halt
		_cli_help
		_cli_helpCommand
		_cli_manual
		_cli_move
		_cli_movedir
		_cli_setdelay
		_cli_setend
		_cli_sethome
		_cli_status
		_ct_strncmp
		_error
		_parseStringToInt
		_printf
 This function is called by:
		_main
 This function uses a non-reentrant model


 *************** function _cli_status *****************
 Defined at:
		line 480 in file "main.c"
 Parameters:    Size  Location     Type
		None
 Auto vars:     Size  Location     Type
		None
 Return value:  Size  Location     Type
                  1    wreg      void 
 Registers used:
		wreg, fsr0l, fsr0h, fsr2l, fsr2h, status,2, status,0, tblptrl, tblptrh, tblptru, prodl, prodh, cstack
 Tracked objects:
		On entry : 
		On exit  : 
		Unchanged: 
 Data sizes:     COMRAM   BANK0   BANK1   BANK2
      Params:         0       0       0       0
      Locals:         0       0       0       0
      Temps:          1       0       0       0
      Totals:         1       0       0       0
Total ram usage:        1 bytes
 Hardware stack levels used:    1
 Hardware stack levels required when called:    2
 This function calls:
		_printf
 This function is called by:
		_doInput
 This function uses a non-reentrant model


 *************** function _cli_sethome *****************
 Defined at:
		line 464 in file "main.c"
 Parameters:    Size  Location     Type
		None
 Auto vars:     Size  Location     Type
		None
 Return value:  Size  Location     Type
                  1    wreg      void 
 Registers used:
		wreg, status,2
 Tracked objects:
		On entry : 
		On exit  : 
		Unchanged: 
 Data sizes:     COMRAM   BANK0   BANK1   BANK2
      Params:         0       0       0       0
      Locals:         0       0       0       0
      Temps:          0       0       0       0
      Totals:         0       0       0       0
Total ram usage:        0 bytes
 Hardware stack levels used:    1
 This function calls:
		Nothing
 This function is called by:
		_doInput
 This function uses a non-reentrant model


 *************** function _cli_setend *****************
 Defined at:
		line 472 in file "main.c"
 Parameters:    Size  Location     Type
		None
 Auto vars:     Size  Location     Type
		None
 Return value:  Size  Location     Type
                  1    wreg      void 
 Registers used:
		wreg, fsr0l, fsr0h, fsr2l, fsr2h, status,2, status,0, tblptrl, tblptrh, tblptru, prodl, prodh, cstack
 Tracked objects:
		On entry : 
		On exit  : 
		Unchanged: 
 Data sizes:     COMRAM   BANK0   BANK1   BANK2
      Params:         0       0       0       0
      Locals:         0       0       0       0
      Temps:          0       0       0       0
      Totals:         0       0       0       0
Total ram usage:        0 bytes
 Hardware stack levels used:    1
 Hardware stack levels required when called:    3
 This function calls:
		_error
 This function is called by:
		_doInput
 This function uses a non-reentrant model


 *************** function _cli_setdelay *****************
 Defined at:
		line 444 in file "main.c"
 Parameters:    Size  Location     Type
		None
 Auto vars:     Size  Location     Type
		None
 Return value:  Size  Location     Type
                  1    wreg      void 
 Registers used:
		wreg, fsr2l, fsr2h, status,2, status,0, cstack
 Tracked objects:
		On entry : 
		On exit  : 
		Unchanged: 
 Data sizes:     COMRAM   BANK0   BANK1   BANK2
      Params:         0       0       0       0
      Locals:         0       0       0       0
      Temps:          0       0       0       0
      Totals:         0       0       0       0
Total ram usage:        0 bytes
 Hardware stack levels used:    1
 Hardware stack levels required when called:    2
 This function calls:
		_parseStringToInt
 This function is called by:
		_doInput
 This function uses a non-reentrant model


 *************** function _parseStringToInt *****************
 Defined at:
		line 201 in file "main.c"
 Parameters:    Size  Location     Type
  toParse         2   12[COMRAM] PTR unsigned char 
		 -> userCommand(99), 
  startPoint      2   14[COMRAM] int 
 Auto vars:     Size  Location     Type
  returnInt       4   22[COMRAM] unsigned long 
  storeInt        2   26[COMRAM] int 
  count           2   20[COMRAM] unsigned int 
 Return value:  Size  Location     Type
                  4   12[COMRAM] unsigned long 
 Registers used:
		wreg, fsr2l, fsr2h, status,2, status,0, cstack
 Tracked objects:
		On entry : 
		On exit  : 
		Unchanged: 
 Data sizes:     COMRAM   BANK0   BANK1   BANK2
      Params:         4       0       0       0
      Locals:         8       0       0       0
      Temps:          4       0       0       0
      Totals:        16       0       0       0
Total ram usage:       16 bytes
 Hardware stack levels used:    1
 Hardware stack levels required when called:    1
 This function calls:
		___lmul
 This function is called by:
		_cli_setdelay
		_doInput
 This function uses a non-reentrant model


 *************** function ___lmul *****************
 Defined at:
		line 15 in file "/opt/microchip/xc8/v1.42/sources/common/Umul32.c"
 Parameters:    Size  Location     Type
  multiplier      4    0[COMRAM] unsigned long 
  multiplicand    4    4[COMRAM] unsigned long 
 Auto vars:     Size  Location     Type
  product         4    8[COMRAM] unsigned long 
 Return value:  Size  Location     Type
                  4    0[COMRAM] unsigned long 
 Registers used:
		wreg, status,2, status,0
 Tracked objects:
		On entry : 
		On exit  : 
		Unchanged: 
 Data sizes:     COMRAM   BANK0   BANK1   BANK2
      Params:         8       0       0       0
      Locals:         4       0       0       0
      Temps:          0       0       0       0
      Totals:        12       0       0       0
Total ram usage:       12 bytes
 Hardware stack levels used:    1
 This function calls:
		Nothing
 This function is called by:
		_parseStringToInt
 This function uses a non-reentrant model


 *************** function _cli_move *****************
 Defined at:
		line 399 in file "main.c"
 Parameters:    Size  Location     Type
  steps           2   28[COMRAM] int 
 Auto vars:     Size  Location     Type
		None
 Return value:  Size  Location     Type
                  1    wreg      void 
 Registers used:
		wreg, status,2
 Tracked objects:
		On entry : 
		On exit  : 
		Unchanged: 
 Data sizes:     COMRAM   BANK0   BANK1   BANK2
      Params:         2       0       0       0
      Locals:         0       0       0       0
      Temps:          0       0       0       0
      Totals:         2       0       0       0
Total ram usage:        2 bytes
 Hardware stack levels used:    1
 This function calls:
		Nothing
 This function is called by:
		_doInput
 This function uses a non-reentrant model


 *************** function _cli_helpCommand *****************
 Defined at:
		line 328 in file "main.c"
 Parameters:    Size  Location     Type
		None
 Auto vars:     Size  Location     Type
  searchArray    20   34[COMRAM] unsigned char [20]
  count           2   54[COMRAM] unsigned int 
 Return value:  Size  Location     Type
                  1    wreg      void 
 Registers used:
		wreg, fsr0l, fsr0h, fsr1l, fsr1h, fsr2l, fsr2h, status,2, status,0, tblptrl, tblptrh, tblptru, prodl, prodh, cstack
 Tracked objects:
		On entry : 
		On exit  : 
		Unchanged: 
 Data sizes:     COMRAM   BANK0   BANK1   BANK2
      Params:         0       0       0       0
      Locals:        22       0       0       0
      Temps:          2       0       0       0
      Totals:        24       0       0       0
Total ram usage:       24 bytes
 Hardware stack levels used:    1
 Hardware stack levels required when called:    2
 This function calls:
		_ct_strncmp
		_printf
 This function is called by:
		_doInput
 This function uses a non-reentrant model


 *************** function _ct_strncmp *****************
 Defined at:
		line 187 in file "main.c"
 Parameters:    Size  Location     Type
  s1              2    0[COMRAM] PTR unsigned char 
		 -> STR_110(6), STR_109(5), STR_108(7), STR_107(6), 
		 -> STR_106(7), STR_105(6), STR_104(8), STR_103(7), 
		 -> STR_101(9), STR_100(7), STR_99(10), STR_98(5), 
		 -> STR_94(5), STR_90(7), STR_86(5), STR_82(7), 
		 -> STR_70(5), STR_67(7), STR_64(6), STR_61(8), 
		 -> STR_58(7), STR_55(7), STR_52(5), STR_49(7), 
		 -> STR_46(9), STR_43(10), STR_40(5), STR_37(7), 
		 -> STR_34(5), STR_31(7), 
  s2              2    2[COMRAM] PTR unsigned char 
		 -> cli_helpCommand@searchArray(20), userCommand(99), 
  n               2    4[COMRAM] unsigned int 
 Auto vars:     Size  Location     Type
  count           2    9[COMRAM] unsigned int 
 Return value:  Size  Location     Type
                  1    wreg      unsigned char 
 Registers used:
		wreg, fsr2l, fsr2h, status,2, status,0, tblptrl, tblptrh, tblptru
 Tracked objects:
		On entry : 
		On exit  : 
		Unchanged: 
 Data sizes:     COMRAM   BANK0   BANK1   BANK2
      Params:         6       0       0       0
      Locals:         2       0       0       0
      Temps:          3       0       0       0
      Totals:        11       0       0       0
Total ram usage:       11 bytes
 Hardware stack levels used:    1
 This function calls:
		Nothing
 This function is called by:
		_cli_helpCommand
		_doInput
 This function uses a non-reentrant model


 *************** function _cli_help *****************
 Defined at:
		line 303 in file "main.c"
 Parameters:    Size  Location     Type
		None
 Auto vars:     Size  Location     Type
		None
 Return value:  Size  Location     Type
                  1    wreg      void 
 Registers used:
		wreg, fsr0l, fsr0h, fsr2l, fsr2h, status,2, status,0, tblptrl, tblptrh, tblptru, prodl, prodh, cstack
 Tracked objects:
		On entry : 
		On exit  : 
		Unchanged: 
 Data sizes:     COMRAM   BANK0   BANK1   BANK2
      Params:         0       0       0       0
      Locals:         0       0       0       0
      Temps:          0       0       0       0
      Totals:         0       0       0       0
Total ram usage:        0 bytes
 Hardware stack levels used:    1
 Hardware stack levels required when called:    2
 This function calls:
		_printf
 This function is called by:
		_doInput
 This function uses a non-reentrant model


 *************** function _cli_halt *****************
 Defined at:
		line 487 in file "main.c"
 Parameters:    Size  Location     Type
		None
 Auto vars:     Size  Location     Type
		None
 Return value:  Size  Location     Type
                  1    wreg      void 
 Registers used:
		wreg, fsr0l, fsr0h, fsr2l, fsr2h, status,2, status,0, tblptrl, tblptrh, tblptru, prodl, prodh, cstack
 Tracked objects:
		On entry : 
		On exit  : 
		Unchanged: 
 Data sizes:     COMRAM   BANK0   BANK1   BANK2
      Params:         0       0       0       0
      Locals:         0       0       0       0
      Temps:          0       0       0       0
      Totals:         0       0       0       0
Total ram usage:        0 bytes
 Hardware stack levels used:    1
 Hardware stack levels required when called:    3
 This function calls:
		_cli_manual
		_printf
 This function is called by:
		_doInput
 This function uses a non-reentrant model


 *************** function _cli_manual *****************
 Defined at:
		line 448 in file "main.c"
 Parameters:    Size  Location     Type
		None
 Auto vars:     Size  Location     Type
		None
 Return value:  Size  Location     Type
                  1    wreg      void 
 Registers used:
		wreg, fsr0l, fsr0h, fsr2l, fsr2h, status,2, status,0, tblptrl, tblptrh, tblptru, prodl, prodh, cstack
 Tracked objects:
		On entry : 
		On exit  : 
		Unchanged: 
 Data sizes:     COMRAM   BANK0   BANK1   BANK2
      Params:         0       0       0       0
      Locals:         0       0       0       0
      Temps:          0       0       0       0
      Totals:         0       0       0       0
Total ram usage:        0 bytes
 Hardware stack levels used:    1
 Hardware stack levels required when called:    2
 This function calls:
		_printf
		_waitForKey
 This function is called by:
		_cli_halt
		_doInput
 This function uses a non-reentrant model


 *************** function _waitForKey *****************
 Defined at:
		line 276 in file "main.c"
 Parameters:    Size  Location     Type
		None
 Auto vars:     Size  Location     Type
  disposable      1    0[COMRAM] unsigned char 
 Return value:  Size  Location     Type
                  1    wreg      unsigned char 
 Registers used:
		wreg
 Tracked objects:
		On entry : 
		On exit  : 
		Unchanged: 
 Data sizes:     COMRAM   BANK0   BANK1   BANK2
      Params:         0       0       0       0
      Locals:         1       0       0       0
      Temps:          0       0       0       0
      Totals:         1       0       0       0
Total ram usage:        1 bytes
 Hardware stack levels used:    1
 This function calls:
		Nothing
 This function is called by:
		_cli_manual
 This function uses a non-reentrant model


 *************** function _cli_gohome *****************
 Defined at:
		line 456 in file "main.c"
 Parameters:    Size  Location     Type
		None
 Auto vars:     Size  Location     Type
		None
 Return value:  Size  Location     Type
                  1    wreg      void 
 Registers used:
		wreg, status,2, status,0, cstack
 Tracked objects:
		On entry : 
		On exit  : 
		Unchanged: 
 Data sizes:     COMRAM   BANK0   BANK1   BANK2
      Params:         0       0       0       0
      Locals:         0       0       0       0
      Temps:          0       0       0       0
      Totals:         0       0       0       0
Total ram usage:        0 bytes
 Hardware stack levels used:    1
 Hardware stack levels required when called:    1
 This function calls:
		_cli_movedir
 This function is called by:
		_doInput
 This function uses a non-reentrant model


 *************** function _cli_movedir *****************
 Defined at:
		line 404 in file "main.c"
 Parameters:    Size  Location     Type
  direction       2   28[COMRAM] int 
  steps           4   30[COMRAM] unsigned long 
 Auto vars:     Size  Location     Type
		None
 Return value:  Size  Location     Type
                  1    wreg      void 
 Registers used:
		wreg, status,2
 Tracked objects:
		On entry : 
		On exit  : 
		Unchanged: 
 Data sizes:     COMRAM   BANK0   BANK1   BANK2
      Params:         6       0       0       0
      Locals:         0       0       0       0
      Temps:          0       0       0       0
      Totals:         6       0       0       0
Total ram usage:        6 bytes
 Hardware stack levels used:    1
 This function calls:
		Nothing
 This function is called by:
		_cli_gohome
		_doInput
 This function uses a non-reentrant model


 *************** function _cli_goend *****************
 Defined at:
		line 468 in file "main.c"
 Parameters:    Size  Location     Type
		None
 Auto vars:     Size  Location     Type
		None
 Return value:  Size  Location     Type
                  1    wreg      void 
 Registers used:
		wreg, fsr0l, fsr0h, fsr2l, fsr2h, status,2, status,0, tblptrl, tblptrh, tblptru, prodl, prodh, cstack
 Tracked objects:
		On entry : 
		On exit  : 
		Unchanged: 
 Data sizes:     COMRAM   BANK0   BANK1   BANK2
      Params:         0       0       0       0
      Locals:         0       0       0       0
      Temps:          0       0       0       0
      Totals:         0       0       0       0
Total ram usage:        0 bytes
 Hardware stack levels used:    1
 Hardware stack levels required when called:    3
 This function calls:
		_error
 This function is called by:
		_doInput
 This function uses a non-reentrant model


 *************** function _cli_direction *****************
 Defined at:
		line 430 in file "main.c"
 Parameters:    Size  Location     Type
		None
 Auto vars:     Size  Location     Type
		None
 Return value:  Size  Location     Type
                  1    wreg      void 
 Registers used:
		wreg, fsr0l, fsr0h, fsr2l, fsr2h, status,2, status,0, tblptrl, tblptrh, tblptru, prodl, prodh, cstack
 Tracked objects:
		On entry : 
		On exit  : 
		Unchanged: 
 Data sizes:     COMRAM   BANK0   BANK1   BANK2
      Params:         0       0       0       0
      Locals:         0       0       0       0
      Temps:          1       0       0       0
      Totals:         1       0       0       0
Total ram usage:        1 bytes
 Hardware stack levels used:    1
 Hardware stack levels required when called:    3
 This function calls:
		_error
		_printf
 This function is called by:
		_doInput
 This function uses a non-reentrant model


 *************** function _error *****************
 Defined at:
		line 284 in file "main.c"
 Parameters:    Size  Location     Type
  errorCode       2   32[COMRAM] int 
 Auto vars:     Size  Location     Type
		None
 Return value:  Size  Location     Type
                  1    wreg      void 
 Registers used:
		wreg, fsr0l, fsr0h, fsr2l, fsr2h, status,2, status,0, tblptrl, tblptrh, tblptru, prodl, prodh, cstack
 Tracked objects:
		On entry : 
		On exit  : 
		Unchanged: 
 Data sizes:     COMRAM   BANK0   BANK1   BANK2
      Params:         2       0       0       0
      Locals:         0       0       0       0
      Temps:          2       0       0       0
      Totals:         4       0       0       0
Total ram usage:        4 bytes
 Hardware stack levels used:    1
 Hardware stack levels required when called:    2
 This function calls:
		_printf
 This function is called by:
		_cli_direction
		_cli_goend
		_cli_setend
		_doInput
		_cli_movecm
		_cli_movecmdir
		_cli_scan
		_cli_scancm
		_cli_scancmdir
		_cli_pulse
 This function uses a non-reentrant model


 *************** function _cli_clear *****************
 Defined at:
		line 295 in file "main.c"
 Parameters:    Size  Location     Type
		None
 Auto vars:     Size  Location     Type
  count           2   32[COMRAM] int 
 Return value:  Size  Location     Type
                  1    wreg      void 
 Registers used:
		wreg, fsr0l, fsr0h, fsr2l, fsr2h, status,2, status,0, tblptrl, tblptrh, tblptru, prodl, prodh, cstack
 Tracked objects:
		On entry : 
		On exit  : 
		Unchanged: 
 Data sizes:     COMRAM   BANK0   BANK1   BANK2
      Params:         0       0       0       0
      Locals:         2       0       0       0
      Temps:          0       0       0       0
      Totals:         2       0       0       0
Total ram usage:        2 bytes
 Hardware stack levels used:    1
 Hardware stack levels required when called:    2
 This function calls:
		_printf
 This function is called by:
		_doInput
		_main
 This function uses a non-reentrant model


 *************** function _doBlinks *****************
 Defined at:
		line 145 in file "main.c"
 Parameters:    Size  Location     Type
		None
 Auto vars:     Size  Location     Type
		None
 Return value:  Size  Location     Type
                  1    wreg      void 
 Registers used:
		wreg, status,2, status,0
 Tracked objects:
		On entry : 
		On exit  : 
		Unchanged: 
 Data sizes:     COMRAM   BANK0   BANK1   BANK2
      Params:         0       0       0       0
      Locals:         0       0       0       0
      Temps:          2       0       0       0
      Totals:         2       0       0       0
Total ram usage:        2 bytes
 Hardware stack levels used:    1
 This function calls:
		Nothing
 This function is called by:
		_main
 This function uses a non-reentrant model


 *************** function _doBackspace *****************
 Defined at:
		line 636 in file "main.c"
 Parameters:    Size  Location     Type
		None
 Auto vars:     Size  Location     Type
		None
 Return value:  Size  Location     Type
                  1    wreg      void 
 Registers used:
		wreg, fsr0l, fsr0h, fsr2l, fsr2h, status,2, status,0, tblptrl, tblptrh, tblptru, prodl, prodh, cstack
 Tracked objects:
		On entry : 
		On exit  : 
		Unchanged: 
 Data sizes:     COMRAM   BANK0   BANK1   BANK2
      Params:         0       0       0       0
      Locals:         0       0       0       0
      Temps:          0       0       0       0
      Totals:         0       0       0       0
Total ram usage:        0 bytes
 Hardware stack levels used:    1
 Hardware stack levels required when called:    2
 This function calls:
		_printf
 This function is called by:
		_main
 This function uses a non-reentrant model


 *************** function _printf *****************
 Defined at:
		line 464 in file "/opt/microchip/xc8/v1.42/sources/common/doprnt.c"
 Parameters:    Size  Location     Type
  f               2   12[COMRAM] PTR const unsigned char 
		 -> STR_112(3), STR_111(4), STR_102(45), STR_97(38), 
		 -> STR_96(35), STR_95(30), STR_93(38), STR_92(44), 
		 -> STR_91(39), STR_89(47), STR_88(44), STR_87(39), 
		 -> STR_85(47), STR_84(44), STR_83(39), STR_81(25), 
		 -> STR_80(12), STR_79(26), STR_78(31), STR_77(16), 
		 -> STR_76(22), STR_75(16), STR_74(78), STR_73(26), 
		 -> STR_72(125), STR_71(73), STR_69(95), STR_68(16), 
		 -> STR_66(95), STR_65(15), STR_63(83), STR_62(17), 
		 -> STR_60(79), STR_59(16), STR_57(101), STR_56(16), 
		 -> STR_54(46), STR_53(14), STR_51(79), STR_50(16), 
		 -> STR_48(142), STR_47(32), STR_45(56), STR_44(33), 
		 -> STR_42(79), STR_41(14), STR_39(64), STR_38(55), 
		 -> STR_36(105), STR_35(35), STR_33(163), STR_32(43), 
		 -> STR_30(78), STR_29(34), STR_28(75), STR_27(73), 
		 -> STR_26(85), STR_25(43), STR_24(35), STR_23(50), 
		 -> STR_22(48), STR_21(50), STR_20(48), STR_19(70), 
		 -> STR_18(42), STR_17(57), STR_16(53), STR_15(61), 
		 -> STR_14(80), STR_13(51), STR_12(62), STR_11(57), 
		 -> STR_10(12), STR_9(69), STR_8(3), STR_7(2), 
		 -> STR_6(2), STR_5(63), STR_4(85), STR_3(39), 
		 -> STR_2(25), STR_1(8), 
 Auto vars:     Size  Location     Type
  tmpval          4    0        struct .
  val             2   29[COMRAM] unsigned int 
  cp              2   27[COMRAM] PTR const unsigned char 
		 -> STR_113(7), VERSION(24), 
  ap              2   25[COMRAM] PTR void [1]
		 -> ?_printf(2), 
  len             2    0        unsigned int 
  c               1   31[COMRAM] char 
  prec            1   24[COMRAM] char 
  flag            1   23[COMRAM] unsigned char 
 Return value:  Size  Location     Type
                  2   12[COMRAM] int 
 Registers used:
		wreg, fsr0l, fsr0h, fsr2l, fsr2h, status,2, status,0, tblptrl, tblptrh, tblptru, prodl, prodh, cstack
 Tracked objects:
		On entry : 
		On exit  : 
		Unchanged: 
 Data sizes:     COMRAM   BANK0   BANK1   BANK2
      Params:        10       0       0       0
      Locals:         9       0       0       0
      Temps:          1       0       0       0
      Totals:        20       0       0       0
Total ram usage:       20 bytes
 Hardware stack levels used:    1
 Hardware stack levels required when called:    1
 This function calls:
		___lwdiv
		___lwmod
		_putch
 This function is called by:
		_printPrompt
		_startmsg
		_error
		_cli_clear
		_cli_help
		_cli_helpCommand
		_cli_direction
		_cli_manual
		_cli_status
		_cli_halt
		_doInput
		_doBackspace
		_main
 This function uses a non-reentrant model


 *************** function _putch *****************
 Defined at:
		line 250 in file "main.c"
 Parameters:    Size  Location     Type
  data            1    wreg     unsigned char 
 Auto vars:     Size  Location     Type
  data            1    0[COMRAM] unsigned char 
 Return value:  Size  Location     Type
                  1    wreg      void 
 Registers used:
		wreg
 Tracked objects:
		On entry : 
		On exit  : 
		Unchanged: 
 Data sizes:     COMRAM   BANK0   BANK1   BANK2
      Params:         0       0       0       0
      Locals:         1       0       0       0
      Temps:          0       0       0       0
      Totals:         1       0       0       0
Total ram usage:        1 bytes
 Hardware stack levels used:    1
 This function calls:
		Nothing
 This function is called by:
		_printf
 This function uses a non-reentrant model


 *************** function ___lwmod *****************
 Defined at:
		line 8 in file "/opt/microchip/xc8/v1.42/sources/common/lwmod.c"
 Parameters:    Size  Location     Type
  dividend        2    7[COMRAM] unsigned int 
  divisor         2    9[COMRAM] unsigned int 
 Auto vars:     Size  Location     Type
  counter         1   11[COMRAM] unsigned char 
 Return value:  Size  Location     Type
                  2    7[COMRAM] unsigned int 
 Registers used:
		wreg, status,2, status,0
 Tracked objects:
		On entry : 
		On exit  : 
		Unchanged: 
 Data sizes:     COMRAM   BANK0   BANK1   BANK2
      Params:         4       0       0       0
      Locals:         1       0       0       0
      Temps:          0       0       0       0
      Totals:         5       0       0       0
Total ram usage:        5 bytes
 Hardware stack levels used:    1
 This function calls:
		Nothing
 This function is called by:
		_printf
 This function uses a non-reentrant model


 *************** function ___lwdiv *****************
 Defined at:
		line 8 in file "/opt/microchip/xc8/v1.42/sources/common/lwdiv.c"
 Parameters:    Size  Location     Type
  dividend        2    0[COMRAM] unsigned int 
  divisor         2    2[COMRAM] unsigned int 
 Auto vars:     Size  Location     Type
  quotient        2    4[COMRAM] unsigned int 
  counter         1    6[COMRAM] unsigned char 
 Return value:  Size  Location     Type
                  2    0[COMRAM] unsigned int 
 Registers used:
		wreg, status,2, status,0
 Tracked objects:
		On entry : 
		On exit  : 
		Unchanged: 
 Data sizes:     COMRAM   BANK0   BANK1   BANK2
      Params:         4       0       0       0
      Locals:         3       0       0       0
      Temps:          0       0       0       0
      Totals:         7       0       0       0
Total ram usage:        7 bytes
 Hardware stack levels used:    1
 This function calls:
		Nothing
 This function is called by:
		_printf
 This function uses a non-reentrant model


 *************** function _clearUserCommand *****************
 Defined at:
		line 242 in file "main.c"
 Parameters:    Size  Location     Type
		None
 Auto vars:     Size  Location     Type
  count           2    0[COMRAM] unsigned int 
 Return value:  Size  Location     Type
                  1    wreg      void 
 Registers used:
		wreg, fsr2l, fsr2h, status,2, status,0
 Tracked objects:
		On entry : 
		On exit  : 
		Unchanged: 
 Data sizes:     COMRAM   BANK0   BANK1   BANK2
      Params:         0       0       0       0
      Locals:         2       0       0       0
      Temps:          0       0       0       0
      Totals:         2       0       0       0
Total ram usage:        2 bytes
 Hardware stack levels used:    1
 This function calls:
		Nothing
 This function is called by:
		_main
 This function uses a non-reentrant model


 *************** function _buildCommand *****************
 Defined at:
		line 223 in file "main.c"
 Parameters:    Size  Location     Type
  charIn          1    wreg     unsigned char 
 Auto vars:     Size  Location     Type
  charIn          1    1[COMRAM] unsigned char 
 Return value:  Size  Location     Type
                  1    wreg      void 
 Registers used:
		wreg, fsr2l, fsr2h, status,2, status,0, cstack
 Tracked objects:
		On entry : 
		On exit  : 
		Unchanged: 
 Data sizes:     COMRAM   BANK0   BANK1   BANK2
      Params:         0       0       0       0
      Locals:         1       0       0       0
      Temps:          0       0       0       0
      Totals:         1       0       0       0
Total ram usage:        1 bytes
 Hardware stack levels used:    1
 Hardware stack levels required when called:    1
 This function calls:
		_echo
 This function is called by:
		_main
 This function uses a non-reentrant model


 *************** function _echo *****************
 Defined at:
		line 218 in file "main.c"
 Parameters:    Size  Location     Type
  echoChar        1    wreg     unsigned char 
 Auto vars:     Size  Location     Type
  echoChar        1    0[COMRAM] unsigned char 
 Return value:  Size  Location     Type
                  1    wreg      void 
 Registers used:
		wreg
 Tracked objects:
		On entry : 
		On exit  : 
		Unchanged: 
 Data sizes:     COMRAM   BANK0   BANK1   BANK2
      Params:         0       0       0       0
      Locals:         1       0       0       0
      Temps:          0       0       0       0
      Totals:         1       0       0       0
Total ram usage:        1 bytes
 Hardware stack levels used:    1
 This function calls:
		Nothing
 This function is called by:
		_buildCommand
 This function uses a non-reentrant model


 *************** function _InitApp *****************
 Defined at:
		line 102 in file "main.c"
 Parameters:    Size  Location     Type
		None
 Auto vars:     Size  Location     Type
		None
 Return value:  Size  Location     Type
                  1    wreg      void 
 Registers used:
		wreg, status,2
 Tracked objects:
		On entry : 
		On exit  : 
		Unchanged: 
 Data sizes:     COMRAM   BANK0   BANK1   BANK2
      Params:         0       0       0       0
      Locals:         0       0       0       0
      Temps:          0       0       0       0
      Totals:         0       0       0       0
Total ram usage:        0 bytes
 Hardware stack levels used:    1
 This function calls:
		Nothing
 This function is called by:
		_main
 This function uses a non-reentrant model


 *************** function _ConfigureOscillator *****************
 Defined at:
		line 644 in file "main.c"
 Parameters:    Size  Location     Type
		None
 Auto vars:     Size  Location     Type
		None
 Return value:  Size  Location     Type
                  1    wreg      void 
 Registers used:
		None
 Tracked objects:
		On entry : 
		On exit  : 
		Unchanged: 
 Data sizes:     COMRAM   BANK0   BANK1   BANK2
      Params:         0       0       0       0
      Locals:         0       0       0       0
      Temps:          0       0       0       0
      Totals:         0       0       0       0
Total ram usage:        0 bytes
 Hardware stack levels used:    1
 This function calls:
		Nothing
 This function is called by:
		_main
 This function uses a non-reentrant model



MODULE INFORMATION

Module		Function		Class		Link	Load	Size
/opt/microchip/xc8/v1.42/sources/common/lwdiv.c
		___lwdiv       		CODE           	20C6	0000	83

/opt/microchip/xc8/v1.42/sources/common/lwdiv.c estimated size: 83

/opt/microchip/xc8/v1.42/sources/common/doprnt.c
		_printf        		CODE           	26EE	0000	419

/opt/microchip/xc8/v1.42/sources/common/doprnt.c estimated size: 419

shared
		_dpowers       		MEDIUMCONST    	3115	0000	11
		__initialization		CODE           	221A	0000	89

shared estimated size: 100

/opt/microchip/xc8/v1.42/sources/common/lwmod.c
		___lwmod       		CODE           	2084	0000	67

/opt/microchip/xc8/v1.42/sources/common/lwmod.c estimated size: 67

/opt/microchip/xc8/v1.42/sources/common/Umul32.c
		___lmul        		CODE           	216C	0000	87

/opt/microchip/xc8/v1.42/sources/common/Umul32.c estimated size: 87

main.c
		_parseStringToInt		CODE           	2458	0000	195
		_cli_direction 		CODE           	227C	0000	101
		_cli_help      		CODE           	25DC	0000	275
		_buildCommand  		CODE           	1ECC	0000	39
		_doBlinks      		CODE           	2352	0000	131
		_putch         		CODE           	1DBE	0000	13
		_clearUserCommand		CODE           	1FCA	0000	61
		_variableDelay_mu		CODE           	1E68	0000	31
		_cli_move      		CODE           	1EA8	0000	37
		_cli_movedir   		CODE           	1F6C	0000	45
		_ConfigureOscillator		CODE           	1DA8	0000	3
		_echo          		CODE           	1DB2	0000	13
		_main          		CODE           	251A	0000	195
		_startmsg      		CODE           	1EF2	0000	39
		_shouldMove    		CODE           	1E86	0000	35
		_doInput       		CODE           	2C28	0000	1261
		_ct_strncmp    		CODE           	21C2	0000	89
		_InitApp       		CODE           	1F40	0000	45
		_cli_setend    		CODE           	1DD8	0000	15
		_cli_sethome   		CODE           	1E04	0000	19
		_cli_goend     		CODE           	1DCA	0000	15
		_cli_setdelay  		CODE           	1E4A	0000	31
		_doMoves       		CODE           	22E0	0000	115
		_cli_status    		CODE           	23D4	0000	133
		_waitForKey    		CODE           	1DF4	0000	17
		_cli_gohome    		CODE           	1F18	0000	41
		_cli_helpCommand		CODE           	2890	0000	921
		_printPrompt   		CODE           	1DE6	0000	15
		_error         		CODE           	2006	0000	63
		_doBackspace   		CODE           	1F98	0000	51
		_cli_halt      		CODE           	2118	0000	85
		_cli_clear     		CODE           	2044	0000	65
		_cli_manual    		CODE           	1E2E	0000	29

main.c estimated size: 4223

